[    0.000000] Initializing cgroup subsys cpuset
[    0.000000] Initializing cgroup subsys cpu
[    0.000000] Initializing cgroup subsys cpuacct
[    0.000000] Linux version 3.19.0 (root@siddharth) (gcc version 4.8.4 (Ubuntu 4.8.4-2ubuntu1~14.04.4) ) #2 SMP Thu Mar 22 02:12:04 IST 2018
[    0.000000] Command line: BOOT_IMAGE=/boot/vmlinuz-3.19.0 root=UUID=e6a924bf-8bd1-4476-be83-f8dbea6245bb ro
[    0.000000] KERNEL supported cpus:
[    0.000000]   Intel GenuineIntel
[    0.000000]   AMD AuthenticAMD
[    0.000000]   Centaur CentaurHauls
[    0.000000] e820: BIOS-provided physical RAM map:
[    0.000000] BIOS-e820: [mem 0x0000000000000000-0x000000000009fbff] usable
[    0.000000] BIOS-e820: [mem 0x000000000009fc00-0x000000000009ffff] reserved
[    0.000000] BIOS-e820: [mem 0x00000000000f0000-0x00000000000fffff] reserved
[    0.000000] BIOS-e820: [mem 0x0000000000100000-0x00000000dffeffff] usable
[    0.000000] BIOS-e820: [mem 0x00000000dfff0000-0x00000000dfffffff] ACPI data
[    0.000000] BIOS-e820: [mem 0x00000000fec00000-0x00000000fec00fff] reserved
[    0.000000] BIOS-e820: [mem 0x00000000fee00000-0x00000000fee00fff] reserved
[    0.000000] BIOS-e820: [mem 0x00000000fffc0000-0x00000000ffffffff] reserved
[    0.000000] BIOS-e820: [mem 0x0000000100000000-0x00000001496fffff] usable
[    0.000000] NX (Execute Disable) protection: active
[    0.000000] SMBIOS 2.5 present.
[    0.000000] DMI: innotek GmbH VirtualBox/VirtualBox, BIOS VirtualBox 12/01/2006
[    0.000000] e820: update [mem 0x00000000-0x00000fff] usable ==> reserved
[    0.000000] e820: remove [mem 0x000a0000-0x000fffff] usable
[    0.000000] AGP: No AGP bridge found
[    0.000000] e820: last_pfn = 0x149700 max_arch_pfn = 0x400000000
[    0.000000] MTRR default type: uncachable
[    0.000000] MTRR variable ranges disabled:
[    0.000000] PAT configuration [0-7]: WB  WC  UC- UC  WB  WC  UC- UC  
[    0.000000] CPU MTRRs all blank - virtualized system.
[    0.000000] e820: last_pfn = 0xdfff0 max_arch_pfn = 0x400000000
[    0.000000] found SMP MP-table at [mem 0x0009fff0-0x0009ffff] mapped at [ffff88000009fff0]
[    0.000000] Scanning 1 areas for low memory corruption
[    0.000000] Base memory trampoline at [ffff880000099000] 99000 size 24576
[    0.000000] init_memory_mapping: [mem 0x00000000-0x000fffff]
[    0.000000]  [mem 0x00000000-0x000fffff] page 4k
[    0.000000] BRK [0x01fd6000, 0x01fd6fff] PGTABLE
[    0.000000] BRK [0x01fd7000, 0x01fd7fff] PGTABLE
[    0.000000] BRK [0x01fd8000, 0x01fd8fff] PGTABLE
[    0.000000] init_memory_mapping: [mem 0x149400000-0x1495fffff]
[    0.000000]  [mem 0x149400000-0x1495fffff] page 2M
[    0.000000] BRK [0x01fd9000, 0x01fd9fff] PGTABLE
[    0.000000] init_memory_mapping: [mem 0x140000000-0x1493fffff]
[    0.000000]  [mem 0x140000000-0x1493fffff] page 2M
[    0.000000] init_memory_mapping: [mem 0x120000000-0x13fffffff]
[    0.000000]  [mem 0x120000000-0x13fffffff] page 2M
[    0.000000] BRK [0x01fda000, 0x01fdafff] PGTABLE
[    0.000000] init_memory_mapping: [mem 0x00100000-0xdffeffff]
[    0.000000]  [mem 0x00100000-0x001fffff] page 4k
[    0.000000]  [mem 0x00200000-0xdfdfffff] page 2M
[    0.000000]  [mem 0xdfe00000-0xdffeffff] page 4k
[    0.000000] init_memory_mapping: [mem 0x100000000-0x11fffffff]
[    0.000000]  [mem 0x100000000-0x11fffffff] page 2M
[    0.000000] init_memory_mapping: [mem 0x149600000-0x1496fffff]
[    0.000000]  [mem 0x149600000-0x1496fffff] page 4k
[    0.000000] BRK [0x01fdb000, 0x01fdbfff] PGTABLE
[    0.000000] RAMDISK: [mem 0x25386000-0x2e9bafff]
[    0.000000] ACPI: Early table checksum verification disabled
[    0.000000] ACPI: RSDP 0x00000000000E0000 000024 (v02 VBOX  )
[    0.000000] ACPI: XSDT 0x00000000DFFF0030 00003C (v01 VBOX   VBOXXSDT 00000001 ASL  00000061)
[    0.000000] ACPI: FACP 0x00000000DFFF00F0 0000F4 (v04 VBOX   VBOXFACP 00000001 ASL  00000061)
[    0.000000] ACPI: DSDT 0x00000000DFFF0480 0021FF (v02 VBOX   VBOXBIOS 00000002 INTL 20140214)
[    0.000000] ACPI: FACS 0x00000000DFFF0200 000040
[    0.000000] ACPI: APIC 0x00000000DFFF0240 000064 (v02 VBOX   VBOXAPIC 00000001 ASL  00000061)
[    0.000000] ACPI: SSDT 0x00000000DFFF02B0 0001CC (v01 VBOX   VBOXCPUT 00000002 INTL 20140214)
[    0.000000] ACPI: Local APIC address 0xfee00000
[    0.000000] No NUMA configuration found
[    0.000000] Faking a node at [mem 0x0000000000000000-0x00000001496fffff]
[    0.000000] NODE_DATA(0) allocated [mem 0x1496fb000-0x1496fffff]
[    0.000000]  [ffffea0000000000-ffffea00053fffff] PMD -> [ffff880144000000-ffff880148bfffff] on node 0
[    0.000000] Zone ranges:
[    0.000000]   DMA      [mem 0x00001000-0x00ffffff]
[    0.000000]   DMA32    [mem 0x01000000-0xffffffff]
[    0.000000]   Normal   [mem 0x100000000-0x1496fffff]
[    0.000000] Movable zone start for each node
[    0.000000] Early memory node ranges
[    0.000000]   node   0: [mem 0x00001000-0x0009efff]
[    0.000000]   node   0: [mem 0x00100000-0xdffeffff]
[    0.000000]   node   0: [mem 0x100000000-0x1496fffff]
[    0.000000] Initmem setup node 0 [mem 0x00001000-0x1496fffff]
[    0.000000] On node 0 totalpages: 1218190
[    0.000000]   DMA zone: 64 pages used for memmap
[    0.000000]   DMA zone: 21 pages reserved
[    0.000000]   DMA zone: 3998 pages, LIFO batch:0
[    0.000000]   DMA32 zone: 14272 pages used for memmap
[    0.000000]   DMA32 zone: 913392 pages, LIFO batch:31
[    0.000000]   Normal zone: 4700 pages used for memmap
[    0.000000]   Normal zone: 300800 pages, LIFO batch:31
[    0.000000] ACPI: PM-Timer IO Port: 0x4008
[    0.000000] ACPI: Local APIC address 0xfee00000
[    0.000000] ACPI: LAPIC (acpi_id[0x00] lapic_id[0x00] enabled)
[    0.000000] ACPI: LAPIC (acpi_id[0x01] lapic_id[0x01] enabled)
[    0.000000] ACPI: LAPIC (acpi_id[0x02] lapic_id[0x02] enabled)
[    0.000000] ACPI: IOAPIC (id[0x03] address[0xfec00000] gsi_base[0])
[    0.000000] IOAPIC[0]: apic_id 3, version 32, address 0xfec00000, GSI 0-23
[    0.000000] ACPI: INT_SRC_OVR (bus 0 bus_irq 0 global_irq 2 dfl dfl)
[    0.000000] ACPI: INT_SRC_OVR (bus 0 bus_irq 9 global_irq 9 low level)
[    0.000000] ACPI: IRQ0 used by override.
[    0.000000] ACPI: IRQ9 used by override.
[    0.000000] Using ACPI (MADT) for SMP configuration information
[    0.000000] smpboot: Allowing 3 CPUs, 0 hotplug CPUs
[    0.000000] PM: Registered nosave memory: [mem 0x00000000-0x00000fff]
[    0.000000] PM: Registered nosave memory: [mem 0x0009f000-0x0009ffff]
[    0.000000] PM: Registered nosave memory: [mem 0x000a0000-0x000effff]
[    0.000000] PM: Registered nosave memory: [mem 0x000f0000-0x000fffff]
[    0.000000] PM: Registered nosave memory: [mem 0xdfff0000-0xdfffffff]
[    0.000000] PM: Registered nosave memory: [mem 0xe0000000-0xfebfffff]
[    0.000000] PM: Registered nosave memory: [mem 0xfec00000-0xfec00fff]
[    0.000000] PM: Registered nosave memory: [mem 0xfec01000-0xfedfffff]
[    0.000000] PM: Registered nosave memory: [mem 0xfee00000-0xfee00fff]
[    0.000000] PM: Registered nosave memory: [mem 0xfee01000-0xfffbffff]
[    0.000000] PM: Registered nosave memory: [mem 0xfffc0000-0xffffffff]
[    0.000000] e820: [mem 0xe0000000-0xfebfffff] available for PCI devices
[    0.000000] Booting paravirtualized kernel on bare hardware
[    0.000000] setup_percpu: NR_CPUS:256 nr_cpumask_bits:256 nr_cpu_ids:3 nr_node_ids:1
[    0.000000] PERCPU: Embedded 31 pages/cpu @ffff880149200000 s86208 r8192 d32576 u524288
[    0.000000] pcpu-alloc: s86208 r8192 d32576 u524288 alloc=1*2097152
[    0.000000] pcpu-alloc: [0] 0 1 2 - 
[    0.000000] Built 1 zonelists in Node order, mobility grouping on.  Total pages: 1199133
[    0.000000] Policy zone: Normal
[    0.000000] Kernel command line: BOOT_IMAGE=/boot/vmlinuz-3.19.0 root=UUID=e6a924bf-8bd1-4476-be83-f8dbea6245bb ro
[    0.000000] PID hash table entries: 4096 (order: 3, 32768 bytes)
[    0.000000] xsave: enabled xstate_bv 0x7, cntxt size 0x340 using standard form
[    0.000000] AGP: Checking aperture...
[    0.000000] AGP: No AGP bridge found
[    0.000000] Calgary: detecting Calgary via BIOS EBDA area
[    0.000000] Calgary: Unable to locate Rio Grande table in EBDA - bailing!
[    0.000000] Memory: 4558092K/4872760K available (7658K kernel code, 1196K rwdata, 3668K rodata, 1380K init, 1304K bss, 314668K reserved, 0K cma-reserved)
[    0.000000] SLUB: HWalign=64, Order=0-3, MinObjects=0, CPUs=3, Nodes=1
[    0.000000] Hierarchical RCU implementation.
[    0.000000] 	RCU dyntick-idle grace-period acceleration is enabled.
[    0.000000] 	RCU restricting CPUs from NR_CPUS=256 to nr_cpu_ids=3.
[    0.000000] RCU: Adjusting geometry for rcu_fanout_leaf=16, nr_cpu_ids=3
[    0.000000] NR_IRQS:16640 nr_irqs:448 16
[    0.000000] 	Offload RCU callbacks from all CPUs
[    0.000000] 	Offload RCU callbacks from CPUs: 0-2.
[    0.000000] Console: colour dummy device 80x25
[    0.000000] console [tty0] enabled
[    0.000000] tsc: Fast TSC calibration failed
[    0.000000] tsc: Unable to calibrate against PIT
[    0.000000] tsc: using PMTIMER reference calibration
[    0.000000] tsc: Detected 2294.651 MHz processor
[    0.000142] Calibrating delay loop (skipped), value calculated using timer frequency.. 4589.30 BogoMIPS (lpj=9178604)
[    0.000150] pid_max: default: 32768 minimum: 301
[    0.000162] ACPI: Core revision 20141107
[    0.001126] ACPI: All ACPI Tables successfully acquired
[    0.001175] Security Framework initialized
[    0.001187] AppArmor: AppArmor initialized
[    0.001189] Yama: becoming mindful.
[    0.002094] Dentry cache hash table entries: 1048576 (order: 11, 8388608 bytes)
[    0.004862] Inode-cache hash table entries: 524288 (order: 10, 4194304 bytes)
[    0.005979] Mount-cache hash table entries: 16384 (order: 5, 131072 bytes)
[    0.005992] Mountpoint-cache hash table entries: 16384 (order: 5, 131072 bytes)
[    0.006187] Initializing cgroup subsys memory
[    0.006194] Initializing cgroup subsys devices
[    0.006198] Initializing cgroup subsys freezer
[    0.006202] Initializing cgroup subsys net_cls
[    0.006205] Initializing cgroup subsys blkio
[    0.006209] Initializing cgroup subsys perf_event
[    0.006212] Initializing cgroup subsys hugetlb
[    0.006277] CPU: Physical Processor ID: 0
[    0.006280] CPU: Processor Core ID: 0
[    0.007285] mce: CPU supports 0 MCE banks
[    0.007324] Last level iTLB entries: 4KB 1024, 2MB 1024, 4MB 1024
[    0.007324] Last level dTLB entries: 4KB 1024, 2MB 1024, 4MB 1024, 1GB 4
[    0.007708] Freeing SMP alternatives memory: 32K (ffffffff81e86000 - ffffffff81e8e000)
[    0.011259] ftrace: allocating 29384 entries in 115 pages
[    0.042586] ..TIMER: vector=0x30 apic1=0 pin1=2 apic2=-1 pin2=-1
[    0.082313] smpboot: CPU0: Intel(R) Core(TM) i5-4200U CPU @ 1.60GHz (fam: 06, model: 45, stepping: 01)
[    0.188074] Performance Events: unsupported p6 CPU model 69 no PMU driver, software events only.
[    0.189347] NMI watchdog: disabled (cpu0): hardware events not enabled
[    0.189562] x86: Booting SMP configuration:
[    0.189566] .... node  #0, CPUs:      #1
[    0.201832] mce: CPU supports 0 MCE banks
[    0.204230]  #2<6>[    0.216514] mce: CPU supports 0 MCE banks
[    0.218637] x86: Booted up 1 node, 3 CPUs
[    0.218646] smpboot: Total of 3 processors activated (13767.90 BogoMIPS)
[    0.219347] devtmpfs: initialized
[    0.221519] evm: security.selinux
[    0.221523] evm: security.SMACK64
[    0.221526] evm: security.ima
[    0.221528] evm: security.capability
[    0.222146] pinctrl core: initialized pinctrl subsystem
[    0.222259] RTC time: 21:32:50, date: 03/21/18
[    0.222501] NET: Registered protocol family 16
[    0.232212] cpuidle: using governor ladder
[    0.236245] cpuidle: using governor menu
[    0.236354] ACPI: bus type PCI registered
[    0.236360] acpiphp: ACPI Hot Plug PCI Controller Driver version: 0.5
[    0.236534] PCI: Using configuration type 1 for base access
[    0.241916] ACPI: Added _OSI(Module Device)
[    0.241925] ACPI: Added _OSI(Processor Device)
[    0.241930] ACPI: Added _OSI(3.0 _SCP Extensions)
[    0.241934] ACPI: Added _OSI(Processor Aggregator Device)
[    0.242602] ACPI: Executed 1 blocks of module-level executable AML code
[    0.244618] ACPI: Interpreter enabled
[    0.244626] ACPI Exception: AE_NOT_FOUND, While evaluating Sleep State [\_S1_] (20141107/hwxface-580)
[    0.244632] ACPI Exception: AE_NOT_FOUND, While evaluating Sleep State [\_S2_] (20141107/hwxface-580)
[    0.244636] ACPI Exception: AE_NOT_FOUND, While evaluating Sleep State [\_S3_] (20141107/hwxface-580)
[    0.244642] ACPI Exception: AE_NOT_FOUND, While evaluating Sleep State [\_S4_] (20141107/hwxface-580)
[    0.244649] ACPI: (supports S0 S5)
[    0.244651] ACPI: Using IOAPIC for interrupt routing
[    0.244781] PCI: Ignoring host bridge windows from ACPI; if necessary, use "pci=use_crs" and report a bug
[    0.247791] ACPI: PCI Root Bridge [PCI0] (domain 0000 [bus 00-ff])
[    0.247799] acpi PNP0A03:00: _OSC: OS supports [ASPM ClockPM Segments MSI]
[    0.247814] acpi PNP0A03:00: _OSC: not requesting OS control; OS requires [ExtendedConfig ASPM ClockPM MSI]
[    0.247900] acpi PNP0A03:00: host bridge window [io  0x0000-0x0cf7] (ignored)
[    0.247903] acpi PNP0A03:00: host bridge window [io  0x0d00-0xffff] (ignored)
[    0.247906] acpi PNP0A03:00: host bridge window [mem 0x000a0000-0x000bffff] (ignored)
[    0.247908] acpi PNP0A03:00: host bridge window [mem 0xe0000000-0xfdffffff] (ignored)
[    0.247911] PCI: root bus 00: using default resources
[    0.247914] acpi PNP0A03:00: fail to add MMCONFIG information, can't access extended PCI configuration space under this bridge.
[    0.248190] PCI host bridge to bus 0000:00
[    0.248195] pci_bus 0000:00: root bus resource [bus 00-ff]
[    0.248199] pci_bus 0000:00: root bus resource [io  0x0000-0xffff]
[    0.248202] pci_bus 0000:00: root bus resource [mem 0x00000000-0x7fffffffff]
[    0.248231] pci 0000:00:00.0: [8086:1237] type 00 class 0x060000
[    0.248577] pci 0000:00:01.0: [8086:7000] type 00 class 0x060100
[    0.249016] pci 0000:00:02.0: [80ee:beef] type 00 class 0x030000
[    0.252411] pci 0000:00:02.0: reg 0x10: [mem 0xe0000000-0xe1ffffff pref]
[    0.271544] pci 0000:00:03.0: [8086:100e] type 00 class 0x020000
[    0.274737] pci 0000:00:03.0: reg 0x10: [mem 0xf0000000-0xf001ffff]
[    0.279747] pci 0000:00:03.0: reg 0x18: [io  0xd000-0xd007]
[    0.291298] pci 0000:00:04.0: [80ee:cafe] type 00 class 0x088000
[    0.294343] pci 0000:00:04.0: reg 0x10: [io  0xd020-0xd03f]
[    0.297151] pci 0000:00:04.0: reg 0x14: [mem 0xf0400000-0xf07fffff]
[    0.299681] pci 0000:00:04.0: reg 0x18: [mem 0xf0800000-0xf0803fff pref]
[    0.310868] pci 0000:00:05.0: [8086:2668] type 00 class 0x040300
[    0.313696] pci 0000:00:05.0: reg 0x10: [mem 0xf0804000-0xf0807fff]
[    0.329936] pci 0000:00:06.0: [106b:003f] type 00 class 0x0c0310
[    0.332827] pci 0000:00:06.0: reg 0x10: [mem 0xf0808000-0xf0808fff]
[    0.349324] pci 0000:00:07.0: [8086:7113] type 00 class 0x068000
[    0.349659] pci 0000:00:07.0: quirk: [io  0x4000-0x403f] claimed by PIIX4 ACPI
[    0.349674] pci 0000:00:07.0: quirk: [io  0x4100-0x410f] claimed by PIIX4 SMB
[    0.349935] pci 0000:00:0d.0: [8086:2829] type 00 class 0x010601
[    0.352857] pci 0000:00:0d.0: reg 0x10: [io  0xd040-0xd047]
[    0.355401] pci 0000:00:0d.0: reg 0x14: [io  0xd048-0xd04b]
[    0.358510] pci 0000:00:0d.0: reg 0x18: [io  0xd050-0xd057]
[    0.361369] pci 0000:00:0d.0: reg 0x1c: [io  0xd058-0xd05b]
[    0.363600] pci 0000:00:0d.0: reg 0x20: [io  0xd060-0xd06f]
[    0.366715] pci 0000:00:0d.0: reg 0x24: [mem 0xf080a000-0xf080bfff]
[    0.370811] ACPI: PCI Interrupt Link [LNKA] (IRQs 5 9 10 *11)
[    0.371002] ACPI: PCI Interrupt Link [LNKB] (IRQs 5 9 *10 11)
[    0.371067] ACPI: PCI Interrupt Link [LNKC] (IRQs 5 *9 10 11)
[    0.371129] ACPI: PCI Interrupt Link [LNKD] (IRQs 5 9 10 *11)
[    0.371229] ACPI: Enabled 2 GPEs in block 00 to 07
[    0.371439] vgaarb: setting as boot device: PCI:0000:00:02.0
[    0.371444] vgaarb: device added: PCI:0000:00:02.0,decodes=io+mem,owns=io+mem,locks=none
[    0.371448] vgaarb: loaded
[    0.371451] vgaarb: bridge control possible 0000:00:02.0
[    0.371653] SCSI subsystem initialized
[    0.371938] libata version 3.00 loaded.
[    0.372015] ACPI: bus type USB registered
[    0.372042] usbcore: registered new interface driver usbfs
[    0.372052] usbcore: registered new interface driver hub
[    0.372117] usbcore: registered new device driver usb
[    0.373173] PCI: Using ACPI for IRQ routing
[    0.373180] PCI: pci_cache_line_size set to 64 bytes
[    0.373308] e820: reserve RAM buffer [mem 0x0009fc00-0x0009ffff]
[    0.373313] e820: reserve RAM buffer [mem 0xdfff0000-0xdfffffff]
[    0.373315] e820: reserve RAM buffer [mem 0x149700000-0x14bffffff]
[    0.373438] NetLabel: Initializing
[    0.373441] NetLabel:  domain hash size = 128
[    0.373443] NetLabel:  protocols = UNLABELED CIPSOv4
[    0.373458] NetLabel:  unlabeled traffic allowed by default
[    0.373658] Switched to clocksource refined-jiffies
[    0.381581] AppArmor: AppArmor Filesystem Enabled
[    0.381655] pnp: PnP ACPI init
[    0.381739] pnp 00:00: Plug and Play ACPI device, IDs PNP0303 (active)
[    0.381811] pnp 00:01: Plug and Play ACPI device, IDs PNP0f03 (active)
[    0.382238] pnp: PnP ACPI: found 2 devices
[    0.388666] Switched to clocksource acpi_pm
[    0.388685] pci_bus 0000:00: resource 4 [io  0x0000-0xffff]
[    0.388690] pci_bus 0000:00: resource 5 [mem 0x00000000-0x7fffffffff]
[    0.388731] NET: Registered protocol family 2
[    0.388924] TCP established hash table entries: 65536 (order: 7, 524288 bytes)
[    0.389113] TCP bind hash table entries: 65536 (order: 8, 1048576 bytes)
[    0.389687] TCP: Hash tables configured (established 65536 bind 65536)
[    0.389710] TCP: reno registered
[    0.389723] UDP hash table entries: 4096 (order: 5, 131072 bytes)
[    0.389752] UDP-Lite hash table entries: 4096 (order: 5, 131072 bytes)
[    0.389820] NET: Registered protocol family 1
[    0.389840] pci 0000:00:00.0: Limiting direct PCI/PCI transfers
[    0.389866] pci 0000:00:01.0: Activating ISA DMA hang workarounds
[    0.389882] pci 0000:00:02.0: Video device with shadowed ROM
[    0.391055] PCI: CLS 0 bytes, default 64
[    0.391158] Trying to unpack rootfs image as initramfs...
[    2.718091] Freeing initrd memory: 153812K (ffff880025386000 - ffff88002e9bb000)
[    2.718201] PCI-DMA: Using software bounce buffering for IO (SWIOTLB)
[    2.718210] software IO TLB [mem 0xdbff0000-0xdfff0000] (64MB) mapped at [ffff8800dbff0000-ffff8800dffeffff]
[    2.718319] platform rtc_cmos: registered platform RTC device (no PNP device found)
[    2.718544] RAPL PMU detected, hw unit 2^-0 Joules, API unit is 2^-32 Joules, 4 fixed counters 10737418240 ms ovfl timer
[    2.718585] microcode: CPU0 sig=0x40651, pf=0x40, revision=0x0
[    2.718625] microcode: CPU1 sig=0x40651, pf=0x40, revision=0x0
[    2.718672] microcode: CPU2 sig=0x40651, pf=0x40, revision=0x0
[    2.718762] microcode: Microcode Update Driver: v2.00 <tigran@aivazian.fsnet.co.uk>, Peter Oruba
[    2.718796] Scanning for low memory corruption every 60 seconds
[    2.719523] futex hash table entries: 1024 (order: 4, 65536 bytes)
[    2.719543] Initialise system trusted keyring
[    2.719568] audit: initializing netlink subsys (disabled)
[    2.719586] audit: type=2000 audit(1521667972.619:1): initialized
[    2.720609] HugeTLB registered 2 MB page size, pre-allocated 0 pages
[    2.722404] VFS: Disk quotas dquot_6.5.2
[    2.722442] VFS: Dquot-cache hash table entries: 512 (order 0, 4096 bytes)
[    2.723592] fuse init (API version 7.23)
[    2.723737] Key type big_key registered
[    2.727249] Key type asymmetric registered
[    2.727260] Asymmetric key parser 'x509' registered
[    2.727485] Block layer SCSI generic (bsg) driver version 0.4 loaded (major 252)
[    2.727691] io scheduler noop registered
[    2.727701] io scheduler deadline registered (default)
[    2.727762] io scheduler cfq registered
[    2.727887] pci_hotplug: PCI Hot Plug PCI Core version: 0.5
[    2.727913] pciehp: PCI Express Hot Plug Controller Driver version: 0.4
[    2.727959] vesafb: mode is 640x480x32, linelength=2560, pages=0
[    2.727963] vesafb: scrolling: redraw
[    2.727967] vesafb: Truecolor: size=8:8:8:8, shift=24:16:8:0
[    2.727979] vesafb: framebuffer at 0xe0000000, mapped to 0xffffc90000e80000, using 1216k, total 1216k
[    2.729438] Console: switching to colour frame buffer device 80x30
[    2.730192] fb0: VESA VGA frame buffer device
[    2.730232] intel_idle: does not run on family 6 model 69
[    2.730242] ipmi message handler version 39.2
[    2.730389] ACPI: AC Adapter [AC] (off-line)
[    2.730526] input: Power Button as /devices/LNXSYSTM:00/LNXPWRBN:00/input/input0
[    2.730987] ACPI: Power Button [PWRF]
[    2.731519] input: Sleep Button as /devices/LNXSYSTM:00/LNXSLPBN:00/input/input1
[    2.732427] ACPI: Sleep Button [SLPF]
[    2.733198] GHES: HEST is not enabled!
[    2.734014] ACPI: Battery Slot [BAT0] (battery present)
[    2.734076] Serial: 8250/16550 driver, 32 ports, IRQ sharing enabled
[    2.735970] Linux agpgart interface v0.103
[    2.737677] brd: module loaded
[    2.738734] loop: module loaded
[    2.739758] libphy: Fixed MDIO Bus: probed
[    2.740238] tun: Universal TUN/TAP device driver, 1.6
[    2.740619] tun: (C) 1999-2004 Max Krasnyansky <maxk@qualcomm.com>
[    2.741042] PPP generic driver version 2.4.2
[    2.741479] ehci_hcd: USB 2.0 'Enhanced' Host Controller (EHCI) Driver
[    2.741938] ehci-pci: EHCI PCI platform driver
[    2.742340] ehci-platform: EHCI generic platform driver
[    2.742738] ohci_hcd: USB 1.1 'Open' Host Controller (OHCI) Driver
[    2.743419] ohci-pci: OHCI PCI platform driver
[    2.745284] ohci-pci 0000:00:06.0: OHCI PCI host controller
[    2.745774] ohci-pci 0000:00:06.0: new USB bus registered, assigned bus number 1
[    2.746621] ohci-pci 0000:00:06.0: irq 22, io mem 0xf0808000
[    2.800367] usb usb1: New USB device found, idVendor=1d6b, idProduct=0001
[    2.801957] usb usb1: New USB device strings: Mfr=3, Product=2, SerialNumber=1
[    2.802753] usb usb1: Product: OHCI PCI host controller
[    2.803309] usb usb1: Manufacturer: Linux 3.19.0 ohci_hcd
[    2.804552] usb usb1: SerialNumber: 0000:00:06.0
[    2.805268] hub 1-0:1.0: USB hub found
[    2.805720] hub 1-0:1.0: 12 ports detected
[    2.806559] ohci-platform: OHCI generic platform driver
[    2.806942] uhci_hcd: USB Universal Host Controller Interface driver
[    2.807311] i8042: PNP: PS/2 Controller [PNP0303:PS2K,PNP0f03:PS2M] at 0x60,0x64 irq 1,12
[    2.808700] serio: i8042 KBD port at 0x60,0x64 irq 1
[    2.809111] serio: i8042 AUX port at 0x60,0x64 irq 12
[    2.809995] mousedev: PS/2 mouse device common for all mice
[    2.811017] input: AT Translated Set 2 keyboard as /devices/platform/i8042/serio0/input/input2
[    2.812325] rtc_cmos rtc_cmos: rtc core: registered rtc_cmos as rtc0
[    2.812801] rtc_cmos rtc_cmos: alarms up to one day, 114 bytes nvram
[    2.813293] device-mapper: uevent: version 1.0.3
[    2.814023] device-mapper: ioctl: 4.29.0-ioctl (2014-10-28) initialised: dm-devel@redhat.com
[    2.814920] ledtrig-cpu: registered to indicate activity on CPUs
[    2.816059] TCP: cubic registered
[    2.816603] NET: Registered protocol family 10
[    2.817405] NET: Registered protocol family 17
[    2.817833] Key type dns_resolver registered
[    2.819194] Loading compiled-in X.509 certificates
[    2.820258] Loaded X.509 cert 'Magrathea: Glacier signing key: 904dc9916558e65e2c010dfae4a1355a165b24dc'
[    2.821353] registered taskstats version 1
[    2.825870] Key type trusted registered
[    2.834662] Key type encrypted registered
[    2.835060] AppArmor: AppArmor sha1 policy hashing enabled
[    2.835295] ima: No TPM chip found, activating TPM-bypass!
[    2.835863] evm: HMAC attrs: 0x1
[    2.836674]   Magic number: 10:266:551
[    2.837152] tty ttyS27: hash matches
[    2.837655] clockevents clockevent2: hash matches
[    2.838227] acpi PNP0C0F:02: hash matches
[    2.838741] rtc_cmos rtc_cmos: setting system clock to 2018-03-21 21:32:53 UTC (1521667973)
[    2.839953] BIOS EDD facility v0.16 2004-Jun-25, 0 devices found
[    2.840345] EDD information not available.
[    2.840782] PM: Hibernation image not present or could not be loaded.
[    2.841265] Freeing unused kernel memory: 1380K (ffffffff81d2d000 - ffffffff81e86000)
[    2.842070] Write protecting the kernel read-only data: 12288k
[    2.843079] Freeing unused kernel memory: 524K (ffff88000177d000 - ffff880001800000)
[    2.845489] Freeing unused kernel memory: 428K (ffff880001b95000 - ffff880001c00000)
[    2.871911] systemd-udevd[107]: starting version 204
[    2.919238] e1000: Intel(R) PRO/1000 Network Driver - version 7.3.21-k8-NAPI
[    2.919794] e1000: Copyright (c) 1999-2006 Intel Corporation.
[    3.211234] usb 1-1: new full-speed USB device number 2 using ohci-pci
[    3.275296] e1000 0000:00:03.0 eth0: (PCI:33MHz:32-bit) 08:00:27:78:81:3a
[    3.276630] e1000 0000:00:03.0 eth0: Intel(R) PRO/1000 Network Connection
[    3.277263] ahci 0000:00:0d.0: version 3.0
[    3.277951] ahci 0000:00:0d.0: SSS flag set, parallel bus scan disabled
[    3.278795] ahci 0000:00:0d.0: AHCI 0001.0100 32 slots 2 ports 3 Gbps 0x3 impl SATA mode
[    3.279812] ahci 0000:00:0d.0: flags: 64bit ncq stag only ccc 
[    3.281407] scsi host0: ahci
[    3.284328] scsi host1: ahci
[    3.285698] ata1: SATA max UDMA/133 abar m8192@0xf080a000 port 0xf080a100 irq 21
[    3.286785] ata2: SATA max UDMA/133 abar m8192@0xf080a000 port 0xf080a180 irq 21
[    3.467888] usb 1-1: New USB device found, idVendor=80ee, idProduct=0021
[    3.469543] usb 1-1: New USB device strings: Mfr=1, Product=3, SerialNumber=0
[    3.470094] usb 1-1: Product: USB Tablet
[    3.470604] usb 1-1: Manufacturer: VirtualBox
[    3.483649] hidraw: raw HID events driver (C) Jiri Kosina
[    3.500603] usbcore: registered new interface driver usbhid
[    3.501432] usbhid: USB HID core driver
[    3.509980] input: VirtualBox USB Tablet as /devices/pci0000:00/0000:00:06.0/usb1/1-1/1-1:1.0/0003:80EE:0021.0001/input/input4
[    3.512805] hid-generic 0003:80EE:0021.0001: input,hidraw0: USB HID v1.10 Mouse [VirtualBox USB Tablet] on usb-0000:00:06.0-1/input0
[    3.612755] ata1: SATA link up 3.0 Gbps (SStatus 123 SControl 300)
[    3.614760] ata1.00: ATA-6: VBOX HARDDISK, 1.0, max UDMA/133
[    3.615621] ata1.00: 67108864 sectors, multi 128: LBA48 NCQ (depth 31/32)
[    3.616317] ata1.00: configured for UDMA/133
[    3.617039] scsi 0:0:0:0: Direct-Access     ATA      VBOX HARDDISK    1.0  PQ: 0 ANSI: 5
[    3.618475] sd 0:0:0:0: Attached scsi generic sg0 type 0
[    3.618483] sd 0:0:0:0: [sda] 67108864 512-byte logical blocks: (34.3 GB/32.0 GiB)
[    3.618640] sd 0:0:0:0: [sda] Write Protect is off
[    3.618645] sd 0:0:0:0: [sda] Mode Sense: 00 3a 00 00
[    3.618711] sd 0:0:0:0: [sda] Write cache: enabled, read cache: enabled, doesn't support DPO or FUA
[    3.704641]  sda: sda1 sda2 < sda5 >
[    3.706972] sd 0:0:0:0: [sda] Attached SCSI disk
[    3.722755] tsc: Refined TSC clocksource calibration: 2294.690 MHz
[    3.939012] ata2: SATA link up 3.0 Gbps (SStatus 123 SControl 300)
[    3.940707] ata2.00: ATAPI: VBOX CD-ROM, 1.0, max UDMA/133
[    3.941217] ata2.00: applying bridge limits
[    3.942021] ata2.00: configured for UDMA/100
[    3.943007] scsi 1:0:0:0: CD-ROM            VBOX     CD-ROM           1.0  PQ: 0 ANSI: 5
[    3.959349] sr 1:0:0:0: [sr0] scsi-1 drive
[    3.960966] cdrom: Uniform CD-ROM driver Revision: 3.20
[    3.962057] sr 1:0:0:0: Attached scsi CD-ROM sr0
[    3.962129] sr 1:0:0:0: Attached scsi generic sg1 type 5
[    4.309904] EXT4-fs (sda1): mounted filesystem with ordered data mode. Opts: (null)
[    4.723816] Switched to clocksource tsc
[    5.941757] floppy0: no floppy controllers found
[    6.792072] random: init urandom read with 104 bits of entropy available
[    7.176698] random: nonblocking pool is initialized
[    7.221153] init: plymouth-upstart-bridge main process (170) terminated with status 1
[    7.223429] init: plymouth-upstart-bridge main process ended, respawning
[    7.228979] init: plymouth-upstart-bridge main process (183) terminated with status 1
[    7.229010] init: plymouth-upstart-bridge main process ended, respawning
[   10.804272] Adding 5637116k swap on /dev/sda5.  Priority:-1 extents:1 across:5637116k FS
[   11.105126] systemd-udevd[289]: starting version 204
[   11.374123] ACPI: Video Device [GFX0] (multi-head: yes  rom: no  post: no)
[   11.374213] input: Video Bus as /devices/LNXSYSTM:00/LNXSYBUS:00/PNP0A03:00/LNXVIDEO:00/input/input5
[   11.552094] piix4_smbus 0000:00:07.0: SMBus Host Controller at 0x4100, revision 0
[   11.704200] audit: type=1400 audit(1521667982.367:2): apparmor="STATUS" operation="profile_load" name="/sbin/dhclient" pid=345 comm="apparmor_parser"
[   11.704227] audit: type=1400 audit(1521667982.367:3): apparmor="STATUS" operation="profile_load" name="/usr/lib/NetworkManager/nm-dhcp-client.action" pid=345 comm="apparmor_parser"
[   11.704234] audit: type=1400 audit(1521667982.367:4): apparmor="STATUS" operation="profile_load" name="/usr/lib/connman/scripts/dhclient-script" pid=345 comm="apparmor_parser"
[   11.704554] audit: type=1400 audit(1521667982.367:5): apparmor="STATUS" operation="profile_replace" name="/usr/lib/NetworkManager/nm-dhcp-client.action" pid=345 comm="apparmor_parser"
[   11.704559] audit: type=1400 audit(1521667982.367:6): apparmor="STATUS" operation="profile_replace" name="/usr/lib/connman/scripts/dhclient-script" pid=345 comm="apparmor_parser"
[   11.704713] audit: type=1400 audit(1521667982.367:7): apparmor="STATUS" operation="profile_replace" name="/usr/lib/connman/scripts/dhclient-script" pid=345 comm="apparmor_parser"
[   11.705144] audit: type=1400 audit(1521667982.367:8): apparmor="STATUS" operation="profile_replace" name="/sbin/dhclient" pid=354 comm="apparmor_parser"
[   11.705154] audit: type=1400 audit(1521667982.367:9): apparmor="STATUS" operation="profile_replace" name="/usr/lib/NetworkManager/nm-dhcp-client.action" pid=354 comm="apparmor_parser"
[   11.705162] audit: type=1400 audit(1521667982.367:10): apparmor="STATUS" operation="profile_replace" name="/usr/lib/connman/scripts/dhclient-script" pid=354 comm="apparmor_parser"
[   11.705653] audit: type=1400 audit(1521667982.367:11): apparmor="STATUS" operation="profile_replace" name="/usr/lib/NetworkManager/nm-dhcp-client.action" pid=354 comm="apparmor_parser"
[   11.852815] lp: driver loaded but no devices found
[   12.078512] ppdev: user-space parallel port driver
[   12.100371] IPv6: ADDRCONF(NETDEV_UP): eth0: link is not ready
[   12.102770] e1000: eth0 NIC Link is Up 1000 Mbps Full Duplex, Flow Control: RX
[   12.103150] IPv6: ADDRCONF(NETDEV_CHANGE): eth0: link becomes ready
[   12.334200] AVX2 version of gcm_enc/dec engaged.
[   12.334204] AES CTR mode by8 optimization enabled
[   12.374850] input: ImExPS/2 Generic Explorer Mouse as /devices/platform/i8042/serio1/input/input6
[   12.426829] EXT4-fs (sda1): re-mounted. Opts: errors=remount-ro
[   12.880651] init: failsafe main process (587) killed by TERM signal
[   13.210456] sound hdaudioC0D0: autoconfig: line_outs=3 (0xc/0xf/0xb/0x0/0x0) type:speaker
[   13.210463] sound hdaudioC0D0:    speaker_outs=0 (0x0/0x0/0x0/0x0/0x0)
[   13.210468] sound hdaudioC0D0:    hp_outs=1 (0xa/0x0/0x0/0x0/0x0)
[   13.210472] sound hdaudioC0D0:    mono: mono_out=0x0
[   13.210477] sound hdaudioC0D0:    dig-out=0x10/0x0
[   13.210480] sound hdaudioC0D0:    inputs:
[   13.210483] sound hdaudioC0D0:      Mic=0xd
[   13.210486] sound hdaudioC0D0:      Line=0xe
[   13.210489] sound hdaudioC0D0:      CD=0x15
[   13.210492] sound hdaudioC0D0:    dig-in=0x11
[   13.228999] input: HDA Intel Mic as /devices/pci0000:00/0000:00:05.0/sound/card0/input7
[   13.233524] input: HDA Intel Line as /devices/pci0000:00/0000:00:05.0/sound/card0/input8
[   13.233723] input: HDA Intel Speaker Front as /devices/pci0000:00/0000:00:05.0/sound/card0/input9
[   13.234140] input: HDA Intel Speaker CLFE as /devices/pci0000:00/0000:00:05.0/sound/card0/input10
[   13.234545] input: HDA Intel Front Headphone as /devices/pci0000:00/0000:00:05.0/sound/card0/input11
[   13.235113] input: HDA Intel SPDIF In as /devices/pci0000:00/0000:00:05.0/sound/card0/input12
[   14.251321] init: plymouth-upstart-bridge main process ended, respawning
[   14.768984] floppy0: no floppy controllers found
[   14.769028] work still pending
[   14.815736] init: udev-fallback-graphics main process (915) terminated with status 1
[   14.870099] init: plymouth-splash main process (932) terminated with status 1
[  563.860466] BUG: unable to handle kernel NULL pointer dereference at 0000000000000068
[  563.861620] IP: [<ffffffff81384b33>] sys_rtnice+0x23/0x40
[  563.862094] PGD 1411df067 PUD 13b7e9067 PMD 0 
[  563.862307] Oops: 0002 [#1] SMP 
[  563.862514] Modules linked in: snd_hda_codec_idt snd_hda_codec_generic snd_hda_intel snd_hda_controller snd_hda_codec snd_hwdep snd_pcm crct10dif_pclmul crc32_pclmul ghash_clmulni_intel aesni_intel psmouse snd_timer ppdev snd aes_x86_64 lrw gf128mul parport_pc glue_helper lp ablk_helper cryptd parport joydev soundcore i2c_piix4 serio_raw mac_hid video hid_generic usbhid hid ahci e1000 libahci
[  563.864068] CPU: 2 PID: 1086 Comm: out Not tainted 3.19.0 #2
[  563.864370] Hardware name: innotek GmbH VirtualBox/VirtualBox, BIOS VirtualBox 12/01/2006
[  563.865000] task: ffff8800cb47b1e0 ti: ffff88013b0c8000 task.ti: ffff88013b0c8000
[  563.865696] RIP: 0010:[<ffffffff81384b33>]  [<ffffffff81384b33>] sys_rtnice+0x23/0x40
[  563.866430] RSP: 0018:ffff88013b0cbf68  EFLAGS: 00010246
[  563.866818] RAX: 0000000000000000 RBX: 0000000000001388 RCX: fffffffffffffff0
[  563.867221] RDX: 0000000000000000 RSI: 0000000000001388 RDI: 0000000000000000
[  563.867629] RBP: ffff88013b0cbf78 R08: 00007fff2d2b7c74 R09: 000000000000043c
[  563.868087] R10: 00007f48e6058060 R11: 0000000000000202 R12: 0000000000400500
[  563.868522] R13: 00007fff2d2b8250 R14: 0000000000000000 R15: 0000000000000000
[  563.868948] FS:  00007f48e6278740(0000) GS:ffff880149300000(0000) knlGS:0000000000000000
[  563.869825] CS:  0010 DS: 0000 ES: 0000 CR0: 000000008005003b
[  563.870283] CR2: 0000000000000068 CR3: 000000013c41e000 CR4: 00000000000406e0
[  563.870759] Stack:
[  563.871233]  00007fff2d2b8250 0000000000000000 00007fff2d2b8170 ffffffff817755ed
[  563.872217]  0000000000000202 00007f48e6058060 000000000000043c 00007fff2d2b7c74
[  563.873168]  ffffffffffffffda ffffffffffffffff 0000000000000010 0000000000001388
[  563.874270] Call Trace:
[  563.874757]  [<ffffffff817755ed>] system_call_fastpath+0x16/0x1b
[  563.875241] Code: e5 e8 82 d8 00 00 5d c3 0f 1f 44 00 00 55 48 89 e5 53 48 89 f3 48 83 ec 08 e8 9a 84 d0 ff 31 f6 48 89 c7 e8 e0 83 d0 ff 48 89 de <48> 89 58 68 48 c7 c7 8e 9c b2 81 31 c0 e8 c9 3f 3e 00 48 83 c4 
[  563.876936] RIP  [<ffffffff81384b33>] sys_rtnice+0x23/0x40
[  563.877448]  RSP <ffff88013b0cbf68>
[  563.877912] CR2: 0000000000000068
[  563.878503] ---[ end trace 38d74ac11bc0dd12 ]---
[  652.438761] BUG: unable to handle kernel NULL pointer dereference at 0000000000000068
[  652.439147] IP: [<ffffffff81384b33>] sys_rtnice+0x23/0x40
[  652.439195] PGD 13b022067 PUD 13b0cd067 PMD 0 
[  652.439397] Oops: 0002 [#2] SMP 
[  652.439592] Modules linked in: snd_hda_codec_idt snd_hda_codec_generic snd_hda_intel snd_hda_controller snd_hda_codec snd_hwdep snd_pcm crct10dif_pclmul crc32_pclmul ghash_clmulni_intel aesni_intel psmouse snd_timer ppdev snd aes_x86_64 lrw gf128mul parport_pc glue_helper lp ablk_helper cryptd parport joydev soundcore i2c_piix4 serio_raw mac_hid video hid_generic usbhid hid ahci e1000 libahci
[  652.440912] CPU: 2 PID: 1090 Comm: out Tainted: G      D        3.19.0 #2
[  652.441220] Hardware name: innotek GmbH VirtualBox/VirtualBox, BIOS VirtualBox 12/01/2006
[  652.441838] task: ffff8800cb47cad0 ti: ffff88013c460000 task.ti: ffff88013c460000
[  652.442521] RIP: 0010:[<ffffffff81384b33>]  [<ffffffff81384b33>] sys_rtnice+0x23/0x40
[  652.443267] RSP: 0018:ffff88013c463f68  EFLAGS: 00010246
[  652.443664] RAX: 0000000000000000 RBX: 0000000000000032 RCX: fffffffffffffff0
[  652.444204] RDX: 0000000000000000 RSI: 0000000000000032 RDI: 0000000000000000
[  652.444621] RBP: ffff88013c463f78 R08: 00007ffff9250602 R09: 0000000000000440
[  652.445044] R10: 00007fdef4d30060 R11: 0000000000000206 R12: 0000000000400500
[  652.445473] R13: 00007ffff9250be0 R14: 0000000000000000 R15: 0000000000000000
[  652.445905] FS:  00007fdef4f50740(0000) GS:ffff880149300000(0000) knlGS:0000000000000000
[  652.446770] CS:  0010 DS: 0000 ES: 0000 CR0: 000000008005003b
[  652.447218] CR2: 0000000000000068 CR3: 000000013c52f000 CR4: 00000000000406e0
[  652.447700] Stack:
[  652.448157]  00007ffff9250be0 0000000000000000 00007ffff9250b00 ffffffff817755ed
[  652.449098]  0000000000000206 00007fdef4d30060 0000000000000440 00007ffff9250602
[  652.450210]  ffffffffffffffda ffffffffffffffff 0000000000000010 0000000000000032
[  652.451189] Call Trace:
[  652.452723]  [<ffffffff817755ed>] system_call_fastpath+0x16/0x1b
[  652.453338] Code: e5 e8 82 d8 00 00 5d c3 0f 1f 44 00 00 55 48 89 e5 53 48 89 f3 48 83 ec 08 e8 9a 84 d0 ff 31 f6 48 89 c7 e8 e0 83 d0 ff 48 89 de <48> 89 58 68 48 c7 c7 8e 9c b2 81 31 c0 e8 c9 3f 3e 00 48 83 c4 
[  652.454882] RIP  [<ffffffff81384b33>] sys_rtnice+0x23/0x40
[  652.455490]  RSP <ffff88013c463f68>
[  652.456033] CR2: 0000000000000068
[  652.456564] ---[ end trace 38d74ac11bc0dd13 ]---
